Removed Pin From Net: NetName=3v3 Pin=S1-1
Removed Pin From Net: NetName=NetR3_1 Pin=S1-8
Removed Pin From Net: NetName=3v3 Pin=S2-1
Removed Pin From Net: NetName=NetR4_1 Pin=S2-8
Removed Pin From Net: NetName=5V Pin=SB1-1
Removed Pin From Net: NetName=3v3 Pin=SB2-1
Removed Member From Class: ClassName=U_MCP3423 Member=S2
Removed Member From Class: ClassName=U_PCAL64 Member=SB1
Removed Member From Class: ClassName=U_PCAL64 Member=SB2
Added Component: Designator=C5(C_1005[0402])
Add component (AddParameter): Name = "Code CEGEP"; Value = "KCOND01SM"; VariantName = "[No Variations]"
Add component (AddParameter): Name = "Dielectric"; Value = "X7R"; VariantName = "[No Variations]"
Add component (AddParameter): Name = "LibRef"; Value = "CAP001"; VariantName = "[No Variations]"
Add component (AddParameter): Name = "Manufacturer 1"; Value = "Yageo"; VariantName = "[No Variations]"
Add component (AddParameter): Name = "Manufacturer Part Number 1"; Value = "CC0402KRX7R9BB104"; VariantName = "[No Variations]"
Add component (AddParameter): Name = "Mounting Technology"; Value = "SMT"; VariantName = "[No Variations]"
Add component (AddParameter): Name = "Rated Voltage"; Value = "50V"; VariantName = "[No Variations]"
Add component (AddParameter): Name = "Revision"; Value = ""; VariantName = "[No Variations]"
Add component (AddParameter): Name = "Supplier 1"; Value = "LCSC"; VariantName = "[No Variations]"
Add component (AddParameter): Name = "Supplier Part Number 1"; Value = "C131394"; VariantName = "[No Variations]"
Add component (AddParameter): Name = "Tolerance"; Value = "10%"; VariantName = "[No Variations]"
Add component (AddParameter): Name = "Value"; Value = "100nF"; VariantName = "[No Variations]"
Added Component: Designator=C6(C_3216[1206])
Add component (AddParameter): Name = "Code CEGEP"; Value = "KCOND04SM"; VariantName = "[No Variations]"
Add component (AddParameter): Name = "Dielectric"; Value = "X5R"; VariantName = "[No Variations]"
Add component (AddParameter): Name = "LibRef"; Value = "CAP005"; VariantName = "[No Variations]"
Add component (AddParameter): Name = "Manufacturer 1"; Value = "Murata"; VariantName = "[No Variations]"
Add component (AddParameter): Name = "Manufacturer Part Number 1"; Value = "GRM31CR61A107MEA8L"; VariantName = "[No Variations]"
Add component (AddParameter): Name = "Mounting Technology"; Value = "SMT"; VariantName = "[No Variations]"
Add component (AddParameter): Name = "Rated Voltage"; Value = "10V"; VariantName = "[No Variations]"
Add component (AddParameter): Name = "Revision"; Value = ""; VariantName = "[No Variations]"
Add component (AddParameter): Name = "Supplier 1"; Value = "LCSC"; VariantName = "[No Variations]"
Add component (AddParameter): Name = "Supplier Part Number 1"; Value = "C883598"; VariantName = "[No Variations]"
Add component (AddParameter): Name = "Tolerance"; Value = "20%"; VariantName = "[No Variations]"
Add component (AddParameter): Name = "Value"; Value = "100uF"; VariantName = "[No Variations]"
Added Component: Designator=S1(S_DIP_SWITCH_50MIL_4POS)
Add component (AddParameter): Name = "Code CEGEP"; Value = ""; VariantName = "[No Variations]"
Add component (AddParameter): Name = "Localisation"; Value = ""; VariantName = "[No Variations]"
Add component (AddParameter): Name = "Manufacturer 1"; Value = "kangshen"; VariantName = "[No Variations]"
Add component (AddParameter): Name = "Manufacturer 2"; Value = "Omron"; VariantName = "[No Variations]"
Add component (AddParameter): Name = "Manufacturer 3"; Value = ""; VariantName = "[No Variations]"
Add component (AddParameter): Name = "Manufacturer Part Number 1"; Value = "DSHP04TSGER"; VariantName = "[No Variations]"
Add component (AddParameter): Name = "Manufacturer Part Number 2"; Value = "A6H-4102-PM"; VariantName = "[No Variations]"
Add component (AddParameter): Name = "Manufacturer Part Number 3"; Value = ""; VariantName = "[No Variations]"
Add component (AddParameter): Name = "Mounting Technology"; Value = "SMT"; VariantName = "[No Variations]"
Add component (AddParameter): Name = "Supplier 1"; Value = "LCSC"; VariantName = "[No Variations]"
Add component (AddParameter): Name = "Supplier 2"; Value = "LCSC"; VariantName = "[No Variations]"
Add component (AddParameter): Name = "Supplier 3"; Value = "Digikey"; VariantName = "[No Variations]"
Add component (AddParameter): Name = "Supplier Part Number 1"; Value = "C3293144"; VariantName = "[No Variations]"
Add component (AddParameter): Name = "Supplier Part Number 2"; Value = "C2733274"; VariantName = "[No Variations]"
Add component (AddParameter): Name = "Supplier Part Number 3"; Value = "39-A6H-4102-PMCT-ND"; VariantName = "[No Variations]"
Add component (AddParameter): Name = "Value"; Value = "DIP Switch 4pos"; VariantName = "[No Variations]"
Added Pin To Net: NetName=GND Pin=C5-1
Added Pin To Net: NetName=3v3 Pin=C5-2
Added Pin To Net: NetName=GND Pin=C6-1
Added Pin To Net: NetName=3v3 Pin=C6-2
Added Pin To Net: NetName=3v3 Pin=S1-1
Added Pin To Net: NetName=3v3 Pin=S1-2
Added Pin To Net: NetName=NetR3_1 Pin=S1-7
Added Pin To Net: NetName=NetR4_1 Pin=S1-8
Added Pin To Net: NetName=3v3 Pin=U2-24
Added Member To Class: ClassName=U_MCP3423 Member=Component C5 CAP CER 100nF 50V 0402
Added Member To Class: ClassName=U_MCP3423 Member=Component C6 CAP CER 100uF 10V 1206
